{
    "versions": {
        "content": [
            "h"
        ],
        "timestamp": "2023-11-27T12:19:09.277731"
    },
    "checksum": {
        "content": [
            [
                [
                    {
                        "id": "test",
                        "single_end": true
                    },
                    "test_1.fastq.gz.md5:md5,63a3f187d06ae5cffe77fcd39bbdd63a"
                ]
            ]
        ],
        "timestamp": "2023-11-27T12:08:52.133951"
    }
}